== arca
== arca_east
== arca_west
== whelen_modified
== whelen_southern_modified
== smart_modified
== asa
== asa_late_model
== asa_late_model_north
== asa_late_model_south
== asa_stars
== southern_super_series
== artgo
== nascar_midwest
== arca_midwest
== cars_lms
== cars_slm
== pro_cup
== pass_north
== pass_south
== pass_national
== cra_super_series
== cra_all_stars
== pinty
== cascar
== apc_united
== oscaar_modified
== oscaar_slm
== event snowball_derby
== event winchester_400
== event oxford_250
== event slinger_nationals
== event all_american_400
== event florida_governors_cup
== event valleystar_300
== event la_crosse_oktoberfest
== event myrtle_beach_400
== event little_500
resolving 2756 links
drivers: 1781
infobox fallback for 1008 drivers
seasons: 733 venues existing/new: 138 55 drivers: 1781
